// Jest Snapshot v1, https://goo.gl/fbAQLP

exports[`doesn't conflict with Prettier: message 1`] = `
"No rules that are unnecessary or conflict with Prettier were found.
"
`;

exports[`doesn't conflict with Prettier: success 1`] = `true`;

exports[`lints with the default config: fixtures/all-00.js 1`] = `
Object {
  "errorCount": 1,
  "fixableErrorCount": 0,
  "fixableWarningCount": 0,
  "messages": Array [
    Object {
      "column": 1,
      "fatal": true,
      "line": 11,
      "message": "Parsing error: Using the export keyword between a decorator and a class is not allowed. Please use \`export @dec class\` instead.

   9 | 
  10 | @d
> 11 | export class Example {
     | ^
  12 |   static s = {
  13 |     a, b
  14 |   };",
      "ruleId": null,
      "severity": 2,
    },
  ],
  "source": "import 'hi';

import a from 'a';
import { b } from 'b';
import c, { c1 } from 'c';
import * as d from 'd';

import e from './e';

@d
export class Example {
  static s = {
    a, b
  };

  m = {};

  hi() {
    _fn();
  }

  async byeAsync() {
    _fn(a, b, c, c1, d, e);
  }
}

function _fn() {}
",
  "warningCount": 0,
}
`;
